// Jest Snapshot v1, https://goo.gl/fbAQLP

exports[`Block draw H block should draw its own shape 1`] = `
Array [
  Object {
    "props": Object {
      "x": 30,
      "y": 30,
    },
    "transform": Array [
      30,
      0,
      0,
      30,
      0,
      0,
    ],
    "type": "scale",
  },
  Object {
    "props": Object {
      "value": "#00ffff",
    },
    "transform": Array [
      30,
      0,
      0,
      30,
      0,
      0,
    ],
    "type": "fillStyle",
  },
  Object {
    "props": Object {
      "height": 1,
      "width": 1,
      "x": 1,
      "y": 0,
    },
    "transform": Array [
      30,
      0,
      0,
      30,
      0,
      0,
    ],
    "type": "fillRect",
  },
  Object {
    "props": Object {
      "value": "#000000",
    },
    "transform": Array [
      30,
      0,
      0,
      30,
      0,
      0,
    ],
    "type": "fillStyle",
  },
  Object {
    "props": Object {
      "value": "1px sans-serif",
    },
    "transform": Array [
      30,
      0,
      0,
      30,
      0,
      0,
    ],
    "type": "font",
  },
  Object {
    "props": Object {
      "maxWidth": null,
      "text": "H",
      "x": 1,
      "y": 1,
    },
    "transform": Array [
      30,
      0,
      0,
      30,
      0,
      0,
    ],
    "type": "fillText",
  },
  Object {
    "props": Object {
      "value": "#00ffff",
    },
    "transform": Array [
      30,
      0,
      0,
      30,
      0,
      0,
    ],
    "type": "fillStyle",
  },
  Object {
    "props": Object {
      "height": 1,
      "width": 1,
      "x": 0,
      "y": 1,
    },
    "transform": Array [
      30,
      0,
      0,
      30,
      0,
      0,
    ],
    "type": "fillRect",
  },
  Object {
    "props": Object {
      "value": "#000000",
    },
    "transform": Array [
      30,
      0,
      0,
      30,
      0,
      0,
    ],
    "type": "fillStyle",
  },
  Object {
    "props": Object {
      "value": "1px sans-serif",
    },
    "transform": Array [
      30,
      0,
      0,
      30,
      0,
      0,
    ],
    "type": "font",
  },
  Object {
    "props": Object {
      "maxWidth": null,
      "text": "H",
      "x": 0,
      "y": 2,
    },
    "transform": Array [
      30,
      0,
      0,
      30,
      0,
      0,
    ],
    "type": "fillText",
  },
  Object {
    "props": Object {
      "value": "#00ffff",
    },
    "transform": Array [
      30,
      0,
      0,
      30,
      0,
      0,
    ],
    "type": "fillStyle",
  },
  Object {
    "props": Object {
      "height": 1,
      "width": 1,
      "x": 1,
      "y": 1,
    },
    "transform": Array [
      30,
      0,
      0,
      30,
      0,
      0,
    ],
    "type": "fillRect",
  },
  Object {
    "props": Object {
      "value": "#000000",
    },
    "transform": Array [
      30,
      0,
      0,
      30,
      0,
      0,
    ],
    "type": "fillStyle",
  },
  Object {
    "props": Object {
      "value": "1px sans-serif",
    },
    "transform": Array [
      30,
      0,
      0,
      30,
      0,
      0,
    ],
    "type": "font",
  },
  Object {
    "props": Object {
      "maxWidth": null,
      "text": "H",
      "x": 1,
      "y": 2,
    },
    "transform": Array [
      30,
      0,
      0,
      30,
      0,
      0,
    ],
    "type": "fillText",
  },
  Object {
    "props": Object {
      "value": "#00ffff",
    },
    "transform": Array [
      30,
      0,
      0,
      30,
      0,
      0,
    ],
    "type": "fillStyle",
  },
  Object {
    "props": Object {
      "height": 1,
      "width": 1,
      "x": 2,
      "y": 1,
    },
    "transform": Array [
      30,
      0,
      0,
      30,
      0,
      0,
    ],
    "type": "fillRect",
  },
  Object {
    "props": Object {
      "value": "#000000",
    },
    "transform": Array [
      30,
      0,
      0,
      30,
      0,
      0,
    ],
    "type": "fillStyle",
  },
  Object {
    "props": Object {
      "value": "1px sans-serif",
    },
    "transform": Array [
      30,
      0,
      0,
      30,
      0,
      0,
    ],
    "type": "font",
  },
  Object {
    "props": Object {
      "maxWidth": null,
      "text": "H",
      "x": 2,
      "y": 2,
    },
    "transform": Array [
      30,
      0,
      0,
      30,
      0,
      0,
    ],
    "type": "fillText",
  },
]
`;

exports[`Block draw S block should draw its own shape 1`] = `
Array [
  Object {
    "props": Object {
      "x": 30,
      "y": 30,
    },
    "transform": Array [
      30,
      0,
      0,
      30,
      0,
      0,
    ],
    "type": "scale",
  },
  Object {
    "props": Object {
      "value": "#00ffff",
    },
    "transform": Array [
      30,
      0,
      0,
      30,
      0,
      0,
    ],
    "type": "fillStyle",
  },
  Object {
    "props": Object {
      "height": 1,
      "width": 1,
      "x": 1,
      "y": 0,
    },
    "transform": Array [
      30,
      0,
      0,
      30,
      0,
      0,
    ],
    "type": "fillRect",
  },
  Object {
    "props": Object {
      "value": "#000000",
    },
    "transform": Array [
      30,
      0,
      0,
      30,
      0,
      0,
    ],
    "type": "fillStyle",
  },
  Object {
    "props": Object {
      "value": "1px sans-serif",
    },
    "transform": Array [
      30,
      0,
      0,
      30,
      0,
      0,
    ],
    "type": "font",
  },
  Object {
    "props": Object {
      "maxWidth": null,
      "text": "H",
      "x": 1,
      "y": 1,
    },
    "transform": Array [
      30,
      0,
      0,
      30,
      0,
      0,
    ],
    "type": "fillText",
  },
  Object {
    "props": Object {
      "value": "#00ffff",
    },
    "transform": Array [
      30,
      0,
      0,
      30,
      0,
      0,
    ],
    "type": "fillStyle",
  },
  Object {
    "props": Object {
      "height": 1,
      "width": 1,
      "x": 0,
      "y": 1,
    },
    "transform": Array [
      30,
      0,
      0,
      30,
      0,
      0,
    ],
    "type": "fillRect",
  },
  Object {
    "props": Object {
      "value": "#000000",
    },
    "transform": Array [
      30,
      0,
      0,
      30,
      0,
      0,
    ],
    "type": "fillStyle",
  },
  Object {
    "props": Object {
      "value": "1px sans-serif",
    },
    "transform": Array [
      30,
      0,
      0,
      30,
      0,
      0,
    ],
    "type": "font",
  },
  Object {
    "props": Object {
      "maxWidth": null,
      "text": "H",
      "x": 0,
      "y": 2,
    },
    "transform": Array [
      30,
      0,
      0,
      30,
      0,
      0,
    ],
    "type": "fillText",
  },
  Object {
    "props": Object {
      "value": "#00ffff",
    },
    "transform": Array [
      30,
      0,
      0,
      30,
      0,
      0,
    ],
    "type": "fillStyle",
  },
  Object {
    "props": Object {
      "height": 1,
      "width": 1,
      "x": 1,
      "y": 1,
    },
    "transform": Array [
      30,
      0,
      0,
      30,
      0,
      0,
    ],
    "type": "fillRect",
  },
  Object {
    "props": Object {
      "value": "#000000",
    },
    "transform": Array [
      30,
      0,
      0,
      30,
      0,
      0,
    ],
    "type": "fillStyle",
  },
  Object {
    "props": Object {
      "value": "1px sans-serif",
    },
    "transform": Array [
      30,
      0,
      0,
      30,
      0,
      0,
    ],
    "type": "font",
  },
  Object {
    "props": Object {
      "maxWidth": null,
      "text": "H",
      "x": 1,
      "y": 2,
    },
    "transform": Array [
      30,
      0,
      0,
      30,
      0,
      0,
    ],
    "type": "fillText",
  },
  Object {
    "props": Object {
      "value": "#00ffff",
    },
    "transform": Array [
      30,
      0,
      0,
      30,
      0,
      0,
    ],
    "type": "fillStyle",
  },
  Object {
    "props": Object {
      "height": 1,
      "width": 1,
      "x": 2,
      "y": 1,
    },
    "transform": Array [
      30,
      0,
      0,
      30,
      0,
      0,
    ],
    "type": "fillRect",
  },
  Object {
    "props": Object {
      "value": "#000000",
    },
    "transform": Array [
      30,
      0,
      0,
      30,
      0,
      0,
    ],
    "type": "fillStyle",
  },
  Object {
    "props": Object {
      "value": "1px sans-serif",
    },
    "transform": Array [
      30,
      0,
      0,
      30,
      0,
      0,
    ],
    "type": "font",
  },
  Object {
    "props": Object {
      "maxWidth": null,
      "text": "H",
      "x": 2,
      "y": 2,
    },
    "transform": Array [
      30,
      0,
      0,
      30,
      0,
      0,
    ],
    "type": "fillText",
  },
  Object {
    "props": Object {
      "x": 30,
      "y": 30,
    },
    "transform": Array [
      900,
      0,
      0,
      900,
      0,
      0,
    ],
    "type": "scale",
  },
  Object {
    "props": Object {
      "value": "#0000ff",
    },
    "transform": Array [
      900,
      0,
      0,
      900,
      0,
      0,
    ],
    "type": "fillStyle",
  },
  Object {
    "props": Object {
      "height": 1,
      "width": 1,
      "x": 0,
      "y": 0,
    },
    "transform": Array [
      900,
      0,
      0,
      900,
      0,
      0,
    ],
    "type": "fillRect",
  },
  Object {
    "props": Object {
      "value": "#000000",
    },
    "transform": Array [
      900,
      0,
      0,
      900,
      0,
      0,
    ],
    "type": "fillStyle",
  },
  Object {
    "props": Object {
      "value": "1px sans-serif",
    },
    "transform": Array [
      900,
      0,
      0,
      900,
      0,
      0,
    ],
    "type": "font",
  },
  Object {
    "props": Object {
      "maxWidth": null,
      "text": "X",
      "x": 0,
      "y": 1,
    },
    "transform": Array [
      900,
      0,
      0,
      900,
      0,
      0,
    ],
    "type": "fillText",
  },
  Object {
    "props": Object {
      "value": "#0000ff",
    },
    "transform": Array [
      900,
      0,
      0,
      900,
      0,
      0,
    ],
    "type": "fillStyle",
  },
  Object {
    "props": Object {
      "height": 1,
      "width": 1,
      "x": 0,
      "y": 1,
    },
    "transform": Array [
      900,
      0,
      0,
      900,
      0,
      0,
    ],
    "type": "fillRect",
  },
  Object {
    "props": Object {
      "value": "#000000",
    },
    "transform": Array [
      900,
      0,
      0,
      900,
      0,
      0,
    ],
    "type": "fillStyle",
  },
  Object {
    "props": Object {
      "value": "1px sans-serif",
    },
    "transform": Array [
      900,
      0,
      0,
      900,
      0,
      0,
    ],
    "type": "font",
  },
  Object {
    "props": Object {
      "maxWidth": null,
      "text": "X",
      "x": 0,
      "y": 2,
    },
    "transform": Array [
      900,
      0,
      0,
      900,
      0,
      0,
    ],
    "type": "fillText",
  },
  Object {
    "props": Object {
      "value": "#0000ff",
    },
    "transform": Array [
      900,
      0,
      0,
      900,
      0,
      0,
    ],
    "type": "fillStyle",
  },
  Object {
    "props": Object {
      "height": 1,
      "width": 1,
      "x": 1,
      "y": 1,
    },
    "transform": Array [
      900,
      0,
      0,
      900,
      0,
      0,
    ],
    "type": "fillRect",
  },
  Object {
    "props": Object {
      "value": "#000000",
    },
    "transform": Array [
      900,
      0,
      0,
      900,
      0,
      0,
    ],
    "type": "fillStyle",
  },
  Object {
    "props": Object {
      "value": "1px sans-serif",
    },
    "transform": Array [
      900,
      0,
      0,
      900,
      0,
      0,
    ],
    "type": "font",
  },
  Object {
    "props": Object {
      "maxWidth": null,
      "text": "X",
      "x": 1,
      "y": 2,
    },
    "transform": Array [
      900,
      0,
      0,
      900,
      0,
      0,
    ],
    "type": "fillText",
  },
  Object {
    "props": Object {
      "value": "#0000ff",
    },
    "transform": Array [
      900,
      0,
      0,
      900,
      0,
      0,
    ],
    "type": "fillStyle",
  },
  Object {
    "props": Object {
      "height": 1,
      "width": 1,
      "x": 2,
      "y": 1,
    },
    "transform": Array [
      900,
      0,
      0,
      900,
      0,
      0,
    ],
    "type": "fillRect",
  },
  Object {
    "props": Object {
      "value": "#000000",
    },
    "transform": Array [
      900,
      0,
      0,
      900,
      0,
      0,
    ],
    "type": "fillStyle",
  },
  Object {
    "props": Object {
      "value": "1px sans-serif",
    },
    "transform": Array [
      900,
      0,
      0,
      900,
      0,
      0,
    ],
    "type": "font",
  },
  Object {
    "props": Object {
      "maxWidth": null,
      "text": "X",
      "x": 2,
      "y": 2,
    },
    "transform": Array [
      900,
      0,
      0,
      900,
      0,
      0,
    ],
    "type": "fillText",
  },
  Object {
    "props": Object {
      "x": 30,
      "y": 30,
    },
    "transform": Array [
      27000,
      0,
      0,
      27000,
      0,
      0,
    ],
    "type": "scale",
  },
  Object {
    "props": Object {
      "value": "#ffa500",
    },
    "transform": Array [
      27000,
      0,
      0,
      27000,
      0,
      0,
    ],
    "type": "fillStyle",
  },
  Object {
    "props": Object {
      "height": 1,
      "width": 1,
      "x": 2,
      "y": 0,
    },
    "transform": Array [
      27000,
      0,
      0,
      27000,
      0,
      0,
    ],
    "type": "fillRect",
  },
  Object {
    "props": Object {
      "value": "#000000",
    },
    "transform": Array [
      27000,
      0,
      0,
      27000,
      0,
      0,
    ],
    "type": "fillStyle",
  },
  Object {
    "props": Object {
      "value": "1px sans-serif",
    },
    "transform": Array [
      27000,
      0,
      0,
      27000,
      0,
      0,
    ],
    "type": "font",
  },
  Object {
    "props": Object {
      "maxWidth": null,
      "text": "Y",
      "x": 2,
      "y": 1,
    },
    "transform": Array [
      27000,
      0,
      0,
      27000,
      0,
      0,
    ],
    "type": "fillText",
  },
  Object {
    "props": Object {
      "value": "#ffa500",
    },
    "transform": Array [
      27000,
      0,
      0,
      27000,
      0,
      0,
    ],
    "type": "fillStyle",
  },
  Object {
    "props": Object {
      "height": 1,
      "width": 1,
      "x": 0,
      "y": 1,
    },
    "transform": Array [
      27000,
      0,
      0,
      27000,
      0,
      0,
    ],
    "type": "fillRect",
  },
  Object {
    "props": Object {
      "value": "#000000",
    },
    "transform": Array [
      27000,
      0,
      0,
      27000,
      0,
      0,
    ],
    "type": "fillStyle",
  },
  Object {
    "props": Object {
      "value": "1px sans-serif",
    },
    "transform": Array [
      27000,
      0,
      0,
      27000,
      0,
      0,
    ],
    "type": "font",
  },
  Object {
    "props": Object {
      "maxWidth": null,
      "text": "Y",
      "x": 0,
      "y": 2,
    },
    "transform": Array [
      27000,
      0,
      0,
      27000,
      0,
      0,
    ],
    "type": "fillText",
  },
  Object {
    "props": Object {
      "value": "#ffa500",
    },
    "transform": Array [
      27000,
      0,
      0,
      27000,
      0,
      0,
    ],
    "type": "fillStyle",
  },
  Object {
    "props": Object {
      "height": 1,
      "width": 1,
      "x": 1,
      "y": 1,
    },
    "transform": Array [
      27000,
      0,
      0,
      27000,
      0,
      0,
    ],
    "type": "fillRect",
  },
  Object {
    "props": Object {
      "value": "#000000",
    },
    "transform": Array [
      27000,
      0,
      0,
      27000,
      0,
      0,
    ],
    "type": "fillStyle",
  },
  Object {
    "props": Object {
      "value": "1px sans-serif",
    },
    "transform": Array [
      27000,
      0,
      0,
      27000,
      0,
      0,
    ],
    "type": "font",
  },
  Object {
    "props": Object {
      "maxWidth": null,
      "text": "Y",
      "x": 1,
      "y": 2,
    },
    "transform": Array [
      27000,
      0,
      0,
      27000,
      0,
      0,
    ],
    "type": "fillText",
  },
  Object {
    "props": Object {
      "value": "#ffa500",
    },
    "transform": Array [
      27000,
      0,
      0,
      27000,
      0,
      0,
    ],
    "type": "fillStyle",
  },
  Object {
    "props": Object {
      "height": 1,
      "width": 1,
      "x": 2,
      "y": 1,
    },
    "transform": Array [
      27000,
      0,
      0,
      27000,
      0,
      0,
    ],
    "type": "fillRect",
  },
  Object {
    "props": Object {
      "value": "#000000",
    },
    "transform": Array [
      27000,
      0,
      0,
      27000,
      0,
      0,
    ],
    "type": "fillStyle",
  },
  Object {
    "props": Object {
      "value": "1px sans-serif",
    },
    "transform": Array [
      27000,
      0,
      0,
      27000,
      0,
      0,
    ],
    "type": "font",
  },
  Object {
    "props": Object {
      "maxWidth": null,
      "text": "Y",
      "x": 2,
      "y": 2,
    },
    "transform": Array [
      27000,
      0,
      0,
      27000,
      0,
      0,
    ],
    "type": "fillText",
  },
  Object {
    "props": Object {
      "x": 30,
      "y": 30,
    },
    "transform": Array [
      810000,
      0,
      0,
      810000,
      0,
      0,
    ],
    "type": "scale",
  },
  Object {
    "props": Object {
      "value": "#008000",
    },
    "transform": Array [
      810000,
      0,
      0,
      810000,
      0,
      0,
    ],
    "type": "fillStyle",
  },
  Object {
    "props": Object {
      "height": 1,
      "width": 1,
      "x": 1,
      "y": 0,
    },
    "transform": Array [
      810000,
      0,
      0,
      810000,
      0,
      0,
    ],
    "type": "fillRect",
  },
  Object {
    "props": Object {
      "value": "#000000",
    },
    "transform": Array [
      810000,
      0,
      0,
      810000,
      0,
      0,
    ],
    "type": "fillStyle",
  },
  Object {
    "props": Object {
      "value": "1px sans-serif",
    },
    "transform": Array [
      810000,
      0,
      0,
      810000,
      0,
      0,
    ],
    "type": "font",
  },
  Object {
    "props": Object {
      "maxWidth": null,
      "text": "Z",
      "x": 1,
      "y": 1,
    },
    "transform": Array [
      810000,
      0,
      0,
      810000,
      0,
      0,
    ],
    "type": "fillText",
  },
  Object {
    "props": Object {
      "value": "#008000",
    },
    "transform": Array [
      810000,
      0,
      0,
      810000,
      0,
      0,
    ],
    "type": "fillStyle",
  },
  Object {
    "props": Object {
      "height": 1,
      "width": 1,
      "x": 2,
      "y": 0,
    },
    "transform": Array [
      810000,
      0,
      0,
      810000,
      0,
      0,
    ],
    "type": "fillRect",
  },
  Object {
    "props": Object {
      "value": "#000000",
    },
    "transform": Array [
      810000,
      0,
      0,
      810000,
      0,
      0,
    ],
    "type": "fillStyle",
  },
  Object {
    "props": Object {
      "value": "1px sans-serif",
    },
    "transform": Array [
      810000,
      0,
      0,
      810000,
      0,
      0,
    ],
    "type": "font",
  },
  Object {
    "props": Object {
      "maxWidth": null,
      "text": "Z",
      "x": 2,
      "y": 1,
    },
    "transform": Array [
      810000,
      0,
      0,
      810000,
      0,
      0,
    ],
    "type": "fillText",
  },
  Object {
    "props": Object {
      "value": "#008000",
    },
    "transform": Array [
      810000,
      0,
      0,
      810000,
      0,
      0,
    ],
    "type": "fillStyle",
  },
  Object {
    "props": Object {
      "height": 1,
      "width": 1,
      "x": 0,
      "y": 1,
    },
    "transform": Array [
      810000,
      0,
      0,
      810000,
      0,
      0,
    ],
    "type": "fillRect",
  },
  Object {
    "props": Object {
      "value": "#000000",
    },
    "transform": Array [
      810000,
      0,
      0,
      810000,
      0,
      0,
    ],
    "type": "fillStyle",
  },
  Object {
    "props": Object {
      "value": "1px sans-serif",
    },
    "transform": Array [
      810000,
      0,
      0,
      810000,
      0,
      0,
    ],
    "type": "font",
  },
  Object {
    "props": Object {
      "maxWidth": null,
      "text": "Z",
      "x": 0,
      "y": 2,
    },
    "transform": Array [
      810000,
      0,
      0,
      810000,
      0,
      0,
    ],
    "type": "fillText",
  },
  Object {
    "props": Object {
      "value": "#008000",
    },
    "transform": Array [
      810000,
      0,
      0,
      810000,
      0,
      0,
    ],
    "type": "fillStyle",
  },
  Object {
    "props": Object {
      "height": 1,
      "width": 1,
      "x": 1,
      "y": 1,
    },
    "transform": Array [
      810000,
      0,
      0,
      810000,
      0,
      0,
    ],
    "type": "fillRect",
  },
  Object {
    "props": Object {
      "value": "#000000",
    },
    "transform": Array [
      810000,
      0,
      0,
      810000,
      0,
      0,
    ],
    "type": "fillStyle",
  },
  Object {
    "props": Object {
      "value": "1px sans-serif",
    },
    "transform": Array [
      810000,
      0,
      0,
      810000,
      0,
      0,
    ],
    "type": "font",
  },
  Object {
    "props": Object {
      "maxWidth": null,
      "text": "Z",
      "x": 1,
      "y": 2,
    },
    "transform": Array [
      810000,
      0,
      0,
      810000,
      0,
      0,
    ],
    "type": "fillText",
  },
  Object {
    "props": Object {
      "x": 30,
      "y": 30,
    },
    "transform": Array [
      24300000,
      0,
      0,
      24300000,
      0,
      0,
    ],
    "type": "scale",
  },
  Object {
    "props": Object {
      "value": "#800080",
    },
    "transform": Array [
      24300000,
      0,
      0,
      24300000,
      0,
      0,
    ],
    "type": "fillStyle",
  },
  Object {
    "props": Object {
      "height": 1,
      "width": 1,
      "x": 0,
      "y": 0,
    },
    "transform": Array [
      24300000,
      0,
      0,
      24300000,
      0,
      0,
    ],
    "type": "fillRect",
  },
  Object {
    "props": Object {
      "value": "#000000",
    },
    "transform": Array [
      24300000,
      0,
      0,
      24300000,
      0,
      0,
    ],
    "type": "fillStyle",
  },
  Object {
    "props": Object {
      "value": "1px sans-serif",
    },
    "transform": Array [
      24300000,
      0,
      0,
      24300000,
      0,
      0,
    ],
    "type": "font",
  },
  Object {
    "props": Object {
      "maxWidth": null,
      "text": "S",
      "x": 0,
      "y": 1,
    },
    "transform": Array [
      24300000,
      0,
      0,
      24300000,
      0,
      0,
    ],
    "type": "fillText",
  },
  Object {
    "props": Object {
      "value": "#800080",
    },
    "transform": Array [
      24300000,
      0,
      0,
      24300000,
      0,
      0,
    ],
    "type": "fillStyle",
  },
  Object {
    "props": Object {
      "height": 1,
      "width": 1,
      "x": 1,
      "y": 0,
    },
    "transform": Array [
      24300000,
      0,
      0,
      24300000,
      0,
      0,
    ],
    "type": "fillRect",
  },
  Object {
    "props": Object {
      "value": "#000000",
    },
    "transform": Array [
      24300000,
      0,
      0,
      24300000,
      0,
      0,
    ],
    "type": "fillStyle",
  },
  Object {
    "props": Object {
      "value": "1px sans-serif",
    },
    "transform": Array [
      24300000,
      0,
      0,
      24300000,
      0,
      0,
    ],
    "type": "font",
  },
  Object {
    "props": Object {
      "maxWidth": null,
      "text": "S",
      "x": 1,
      "y": 1,
    },
    "transform": Array [
      24300000,
      0,
      0,
      24300000,
      0,
      0,
    ],
    "type": "fillText",
  },
  Object {
    "props": Object {
      "value": "#800080",
    },
    "transform": Array [
      24300000,
      0,
      0,
      24300000,
      0,
      0,
    ],
    "type": "fillStyle",
  },
  Object {
    "props": Object {
      "height": 1,
      "width": 1,
      "x": 0,
      "y": 1,
    },
    "transform": Array [
      24300000,
      0,
      0,
      24300000,
      0,
      0,
    ],
    "type": "fillRect",
  },
  Object {
    "props": Object {
      "value": "#000000",
    },
    "transform": Array [
      24300000,
      0,
      0,
      24300000,
      0,
      0,
    ],
    "type": "fillStyle",
  },
  Object {
    "props": Object {
      "value": "1px sans-serif",
    },
    "transform": Array [
      24300000,
      0,
      0,
      24300000,
      0,
      0,
    ],
    "type": "font",
  },
  Object {
    "props": Object {
      "maxWidth": null,
      "text": "S",
      "x": 0,
      "y": 2,
    },
    "transform": Array [
      24300000,
      0,
      0,
      24300000,
      0,
      0,
    ],
    "type": "fillText",
  },
  Object {
    "props": Object {
      "value": "#800080",
    },
    "transform": Array [
      24300000,
      0,
      0,
      24300000,
      0,
      0,
    ],
    "type": "fillStyle",
  },
  Object {
    "props": Object {
      "height": 1,
      "width": 1,
      "x": 1,
      "y": 1,
    },
    "transform": Array [
      24300000,
      0,
      0,
      24300000,
      0,
      0,
    ],
    "type": "fillRect",
  },
  Object {
    "props": Object {
      "value": "#000000",
    },
    "transform": Array [
      24300000,
      0,
      0,
      24300000,
      0,
      0,
    ],
    "type": "fillStyle",
  },
  Object {
    "props": Object {
      "value": "1px sans-serif",
    },
    "transform": Array [
      24300000,
      0,
      0,
      24300000,
      0,
      0,
    ],
    "type": "font",
  },
  Object {
    "props": Object {
      "maxWidth": null,
      "text": "S",
      "x": 1,
      "y": 2,
    },
    "transform": Array [
      24300000,
      0,
      0,
      24300000,
      0,
      0,
    ],
    "type": "fillText",
  },
]
`;

exports[`Block draw T block should draw its own shape 1`] = `
Array [
  Object {
    "props": Object {
      "x": 30,
      "y": 30,
    },
    "transform": Array [
      30,
      0,
      0,
      30,
      0,
      0,
    ],
    "type": "scale",
  },
  Object {
    "props": Object {
      "value": "#00ffff",
    },
    "transform": Array [
      30,
      0,
      0,
      30,
      0,
      0,
    ],
    "type": "fillStyle",
  },
  Object {
    "props": Object {
      "height": 1,
      "width": 1,
      "x": 1,
      "y": 0,
    },
    "transform": Array [
      30,
      0,
      0,
      30,
      0,
      0,
    ],
    "type": "fillRect",
  },
  Object {
    "props": Object {
      "value": "#000000",
    },
    "transform": Array [
      30,
      0,
      0,
      30,
      0,
      0,
    ],
    "type": "fillStyle",
  },
  Object {
    "props": Object {
      "value": "1px sans-serif",
    },
    "transform": Array [
      30,
      0,
      0,
      30,
      0,
      0,
    ],
    "type": "font",
  },
  Object {
    "props": Object {
      "maxWidth": null,
      "text": "H",
      "x": 1,
      "y": 1,
    },
    "transform": Array [
      30,
      0,
      0,
      30,
      0,
      0,
    ],
    "type": "fillText",
  },
  Object {
    "props": Object {
      "value": "#00ffff",
    },
    "transform": Array [
      30,
      0,
      0,
      30,
      0,
      0,
    ],
    "type": "fillStyle",
  },
  Object {
    "props": Object {
      "height": 1,
      "width": 1,
      "x": 0,
      "y": 1,
    },
    "transform": Array [
      30,
      0,
      0,
      30,
      0,
      0,
    ],
    "type": "fillRect",
  },
  Object {
    "props": Object {
      "value": "#000000",
    },
    "transform": Array [
      30,
      0,
      0,
      30,
      0,
      0,
    ],
    "type": "fillStyle",
  },
  Object {
    "props": Object {
      "value": "1px sans-serif",
    },
    "transform": Array [
      30,
      0,
      0,
      30,
      0,
      0,
    ],
    "type": "font",
  },
  Object {
    "props": Object {
      "maxWidth": null,
      "text": "H",
      "x": 0,
      "y": 2,
    },
    "transform": Array [
      30,
      0,
      0,
      30,
      0,
      0,
    ],
    "type": "fillText",
  },
  Object {
    "props": Object {
      "value": "#00ffff",
    },
    "transform": Array [
      30,
      0,
      0,
      30,
      0,
      0,
    ],
    "type": "fillStyle",
  },
  Object {
    "props": Object {
      "height": 1,
      "width": 1,
      "x": 1,
      "y": 1,
    },
    "transform": Array [
      30,
      0,
      0,
      30,
      0,
      0,
    ],
    "type": "fillRect",
  },
  Object {
    "props": Object {
      "value": "#000000",
    },
    "transform": Array [
      30,
      0,
      0,
      30,
      0,
      0,
    ],
    "type": "fillStyle",
  },
  Object {
    "props": Object {
      "value": "1px sans-serif",
    },
    "transform": Array [
      30,
      0,
      0,
      30,
      0,
      0,
    ],
    "type": "font",
  },
  Object {
    "props": Object {
      "maxWidth": null,
      "text": "H",
      "x": 1,
      "y": 2,
    },
    "transform": Array [
      30,
      0,
      0,
      30,
      0,
      0,
    ],
    "type": "fillText",
  },
  Object {
    "props": Object {
      "value": "#00ffff",
    },
    "transform": Array [
      30,
      0,
      0,
      30,
      0,
      0,
    ],
    "type": "fillStyle",
  },
  Object {
    "props": Object {
      "height": 1,
      "width": 1,
      "x": 2,
      "y": 1,
    },
    "transform": Array [
      30,
      0,
      0,
      30,
      0,
      0,
    ],
    "type": "fillRect",
  },
  Object {
    "props": Object {
      "value": "#000000",
    },
    "transform": Array [
      30,
      0,
      0,
      30,
      0,
      0,
    ],
    "type": "fillStyle",
  },
  Object {
    "props": Object {
      "value": "1px sans-serif",
    },
    "transform": Array [
      30,
      0,
      0,
      30,
      0,
      0,
    ],
    "type": "font",
  },
  Object {
    "props": Object {
      "maxWidth": null,
      "text": "H",
      "x": 2,
      "y": 2,
    },
    "transform": Array [
      30,
      0,
      0,
      30,
      0,
      0,
    ],
    "type": "fillText",
  },
  Object {
    "props": Object {
      "x": 30,
      "y": 30,
    },
    "transform": Array [
      900,
      0,
      0,
      900,
      0,
      0,
    ],
    "type": "scale",
  },
  Object {
    "props": Object {
      "value": "#0000ff",
    },
    "transform": Array [
      900,
      0,
      0,
      900,
      0,
      0,
    ],
    "type": "fillStyle",
  },
  Object {
    "props": Object {
      "height": 1,
      "width": 1,
      "x": 0,
      "y": 0,
    },
    "transform": Array [
      900,
      0,
      0,
      900,
      0,
      0,
    ],
    "type": "fillRect",
  },
  Object {
    "props": Object {
      "value": "#000000",
    },
    "transform": Array [
      900,
      0,
      0,
      900,
      0,
      0,
    ],
    "type": "fillStyle",
  },
  Object {
    "props": Object {
      "value": "1px sans-serif",
    },
    "transform": Array [
      900,
      0,
      0,
      900,
      0,
      0,
    ],
    "type": "font",
  },
  Object {
    "props": Object {
      "maxWidth": null,
      "text": "X",
      "x": 0,
      "y": 1,
    },
    "transform": Array [
      900,
      0,
      0,
      900,
      0,
      0,
    ],
    "type": "fillText",
  },
  Object {
    "props": Object {
      "value": "#0000ff",
    },
    "transform": Array [
      900,
      0,
      0,
      900,
      0,
      0,
    ],
    "type": "fillStyle",
  },
  Object {
    "props": Object {
      "height": 1,
      "width": 1,
      "x": 0,
      "y": 1,
    },
    "transform": Array [
      900,
      0,
      0,
      900,
      0,
      0,
    ],
    "type": "fillRect",
  },
  Object {
    "props": Object {
      "value": "#000000",
    },
    "transform": Array [
      900,
      0,
      0,
      900,
      0,
      0,
    ],
    "type": "fillStyle",
  },
  Object {
    "props": Object {
      "value": "1px sans-serif",
    },
    "transform": Array [
      900,
      0,
      0,
      900,
      0,
      0,
    ],
    "type": "font",
  },
  Object {
    "props": Object {
      "maxWidth": null,
      "text": "X",
      "x": 0,
      "y": 2,
    },
    "transform": Array [
      900,
      0,
      0,
      900,
      0,
      0,
    ],
    "type": "fillText",
  },
  Object {
    "props": Object {
      "value": "#0000ff",
    },
    "transform": Array [
      900,
      0,
      0,
      900,
      0,
      0,
    ],
    "type": "fillStyle",
  },
  Object {
    "props": Object {
      "height": 1,
      "width": 1,
      "x": 1,
      "y": 1,
    },
    "transform": Array [
      900,
      0,
      0,
      900,
      0,
      0,
    ],
    "type": "fillRect",
  },
  Object {
    "props": Object {
      "value": "#000000",
    },
    "transform": Array [
      900,
      0,
      0,
      900,
      0,
      0,
    ],
    "type": "fillStyle",
  },
  Object {
    "props": Object {
      "value": "1px sans-serif",
    },
    "transform": Array [
      900,
      0,
      0,
      900,
      0,
      0,
    ],
    "type": "font",
  },
  Object {
    "props": Object {
      "maxWidth": null,
      "text": "X",
      "x": 1,
      "y": 2,
    },
    "transform": Array [
      900,
      0,
      0,
      900,
      0,
      0,
    ],
    "type": "fillText",
  },
  Object {
    "props": Object {
      "value": "#0000ff",
    },
    "transform": Array [
      900,
      0,
      0,
      900,
      0,
      0,
    ],
    "type": "fillStyle",
  },
  Object {
    "props": Object {
      "height": 1,
      "width": 1,
      "x": 2,
      "y": 1,
    },
    "transform": Array [
      900,
      0,
      0,
      900,
      0,
      0,
    ],
    "type": "fillRect",
  },
  Object {
    "props": Object {
      "value": "#000000",
    },
    "transform": Array [
      900,
      0,
      0,
      900,
      0,
      0,
    ],
    "type": "fillStyle",
  },
  Object {
    "props": Object {
      "value": "1px sans-serif",
    },
    "transform": Array [
      900,
      0,
      0,
      900,
      0,
      0,
    ],
    "type": "font",
  },
  Object {
    "props": Object {
      "maxWidth": null,
      "text": "X",
      "x": 2,
      "y": 2,
    },
    "transform": Array [
      900,
      0,
      0,
      900,
      0,
      0,
    ],
    "type": "fillText",
  },
  Object {
    "props": Object {
      "x": 30,
      "y": 30,
    },
    "transform": Array [
      27000,
      0,
      0,
      27000,
      0,
      0,
    ],
    "type": "scale",
  },
  Object {
    "props": Object {
      "value": "#ffa500",
    },
    "transform": Array [
      27000,
      0,
      0,
      27000,
      0,
      0,
    ],
    "type": "fillStyle",
  },
  Object {
    "props": Object {
      "height": 1,
      "width": 1,
      "x": 2,
      "y": 0,
    },
    "transform": Array [
      27000,
      0,
      0,
      27000,
      0,
      0,
    ],
    "type": "fillRect",
  },
  Object {
    "props": Object {
      "value": "#000000",
    },
    "transform": Array [
      27000,
      0,
      0,
      27000,
      0,
      0,
    ],
    "type": "fillStyle",
  },
  Object {
    "props": Object {
      "value": "1px sans-serif",
    },
    "transform": Array [
      27000,
      0,
      0,
      27000,
      0,
      0,
    ],
    "type": "font",
  },
  Object {
    "props": Object {
      "maxWidth": null,
      "text": "Y",
      "x": 2,
      "y": 1,
    },
    "transform": Array [
      27000,
      0,
      0,
      27000,
      0,
      0,
    ],
    "type": "fillText",
  },
  Object {
    "props": Object {
      "value": "#ffa500",
    },
    "transform": Array [
      27000,
      0,
      0,
      27000,
      0,
      0,
    ],
    "type": "fillStyle",
  },
  Object {
    "props": Object {
      "height": 1,
      "width": 1,
      "x": 0,
      "y": 1,
    },
    "transform": Array [
      27000,
      0,
      0,
      27000,
      0,
      0,
    ],
    "type": "fillRect",
  },
  Object {
    "props": Object {
      "value": "#000000",
    },
    "transform": Array [
      27000,
      0,
      0,
      27000,
      0,
      0,
    ],
    "type": "fillStyle",
  },
  Object {
    "props": Object {
      "value": "1px sans-serif",
    },
    "transform": Array [
      27000,
      0,
      0,
      27000,
      0,
      0,
    ],
    "type": "font",
  },
  Object {
    "props": Object {
      "maxWidth": null,
      "text": "Y",
      "x": 0,
      "y": 2,
    },
    "transform": Array [
      27000,
      0,
      0,
      27000,
      0,
      0,
    ],
    "type": "fillText",
  },
  Object {
    "props": Object {
      "value": "#ffa500",
    },
    "transform": Array [
      27000,
      0,
      0,
      27000,
      0,
      0,
    ],
    "type": "fillStyle",
  },
  Object {
    "props": Object {
      "height": 1,
      "width": 1,
      "x": 1,
      "y": 1,
    },
    "transform": Array [
      27000,
      0,
      0,
      27000,
      0,
      0,
    ],
    "type": "fillRect",
  },
  Object {
    "props": Object {
      "value": "#000000",
    },
    "transform": Array [
      27000,
      0,
      0,
      27000,
      0,
      0,
    ],
    "type": "fillStyle",
  },
  Object {
    "props": Object {
      "value": "1px sans-serif",
    },
    "transform": Array [
      27000,
      0,
      0,
      27000,
      0,
      0,
    ],
    "type": "font",
  },
  Object {
    "props": Object {
      "maxWidth": null,
      "text": "Y",
      "x": 1,
      "y": 2,
    },
    "transform": Array [
      27000,
      0,
      0,
      27000,
      0,
      0,
    ],
    "type": "fillText",
  },
  Object {
    "props": Object {
      "value": "#ffa500",
    },
    "transform": Array [
      27000,
      0,
      0,
      27000,
      0,
      0,
    ],
    "type": "fillStyle",
  },
  Object {
    "props": Object {
      "height": 1,
      "width": 1,
      "x": 2,
      "y": 1,
    },
    "transform": Array [
      27000,
      0,
      0,
      27000,
      0,
      0,
    ],
    "type": "fillRect",
  },
  Object {
    "props": Object {
      "value": "#000000",
    },
    "transform": Array [
      27000,
      0,
      0,
      27000,
      0,
      0,
    ],
    "type": "fillStyle",
  },
  Object {
    "props": Object {
      "value": "1px sans-serif",
    },
    "transform": Array [
      27000,
      0,
      0,
      27000,
      0,
      0,
    ],
    "type": "font",
  },
  Object {
    "props": Object {
      "maxWidth": null,
      "text": "Y",
      "x": 2,
      "y": 2,
    },
    "transform": Array [
      27000,
      0,
      0,
      27000,
      0,
      0,
    ],
    "type": "fillText",
  },
  Object {
    "props": Object {
      "x": 30,
      "y": 30,
    },
    "transform": Array [
      810000,
      0,
      0,
      810000,
      0,
      0,
    ],
    "type": "scale",
  },
  Object {
    "props": Object {
      "value": "#008000",
    },
    "transform": Array [
      810000,
      0,
      0,
      810000,
      0,
      0,
    ],
    "type": "fillStyle",
  },
  Object {
    "props": Object {
      "height": 1,
      "width": 1,
      "x": 1,
      "y": 0,
    },
    "transform": Array [
      810000,
      0,
      0,
      810000,
      0,
      0,
    ],
    "type": "fillRect",
  },
  Object {
    "props": Object {
      "value": "#000000",
    },
    "transform": Array [
      810000,
      0,
      0,
      810000,
      0,
      0,
    ],
    "type": "fillStyle",
  },
  Object {
    "props": Object {
      "value": "1px sans-serif",
    },
    "transform": Array [
      810000,
      0,
      0,
      810000,
      0,
      0,
    ],
    "type": "font",
  },
  Object {
    "props": Object {
      "maxWidth": null,
      "text": "Z",
      "x": 1,
      "y": 1,
    },
    "transform": Array [
      810000,
      0,
      0,
      810000,
      0,
      0,
    ],
    "type": "fillText",
  },
  Object {
    "props": Object {
      "value": "#008000",
    },
    "transform": Array [
      810000,
      0,
      0,
      810000,
      0,
      0,
    ],
    "type": "fillStyle",
  },
  Object {
    "props": Object {
      "height": 1,
      "width": 1,
      "x": 2,
      "y": 0,
    },
    "transform": Array [
      810000,
      0,
      0,
      810000,
      0,
      0,
    ],
    "type": "fillRect",
  },
  Object {
    "props": Object {
      "value": "#000000",
    },
    "transform": Array [
      810000,
      0,
      0,
      810000,
      0,
      0,
    ],
    "type": "fillStyle",
  },
  Object {
    "props": Object {
      "value": "1px sans-serif",
    },
    "transform": Array [
      810000,
      0,
      0,
      810000,
      0,
      0,
    ],
    "type": "font",
  },
  Object {
    "props": Object {
      "maxWidth": null,
      "text": "Z",
      "x": 2,
      "y": 1,
    },
    "transform": Array [
      810000,
      0,
      0,
      810000,
      0,
      0,
    ],
    "type": "fillText",
  },
  Object {
    "props": Object {
      "value": "#008000",
    },
    "transform": Array [
      810000,
      0,
      0,
      810000,
      0,
      0,
    ],
    "type": "fillStyle",
  },
  Object {
    "props": Object {
      "height": 1,
      "width": 1,
      "x": 0,
      "y": 1,
    },
    "transform": Array [
      810000,
      0,
      0,
      810000,
      0,
      0,
    ],
    "type": "fillRect",
  },
  Object {
    "props": Object {
      "value": "#000000",
    },
    "transform": Array [
      810000,
      0,
      0,
      810000,
      0,
      0,
    ],
    "type": "fillStyle",
  },
  Object {
    "props": Object {
      "value": "1px sans-serif",
    },
    "transform": Array [
      810000,
      0,
      0,
      810000,
      0,
      0,
    ],
    "type": "font",
  },
  Object {
    "props": Object {
      "maxWidth": null,
      "text": "Z",
      "x": 0,
      "y": 2,
    },
    "transform": Array [
      810000,
      0,
      0,
      810000,
      0,
      0,
    ],
    "type": "fillText",
  },
  Object {
    "props": Object {
      "value": "#008000",
    },
    "transform": Array [
      810000,
      0,
      0,
      810000,
      0,
      0,
    ],
    "type": "fillStyle",
  },
  Object {
    "props": Object {
      "height": 1,
      "width": 1,
      "x": 1,
      "y": 1,
    },
    "transform": Array [
      810000,
      0,
      0,
      810000,
      0,
      0,
    ],
    "type": "fillRect",
  },
  Object {
    "props": Object {
      "value": "#000000",
    },
    "transform": Array [
      810000,
      0,
      0,
      810000,
      0,
      0,
    ],
    "type": "fillStyle",
  },
  Object {
    "props": Object {
      "value": "1px sans-serif",
    },
    "transform": Array [
      810000,
      0,
      0,
      810000,
      0,
      0,
    ],
    "type": "font",
  },
  Object {
    "props": Object {
      "maxWidth": null,
      "text": "Z",
      "x": 1,
      "y": 2,
    },
    "transform": Array [
      810000,
      0,
      0,
      810000,
      0,
      0,
    ],
    "type": "fillText",
  },
  Object {
    "props": Object {
      "x": 30,
      "y": 30,
    },
    "transform": Array [
      24300000,
      0,
      0,
      24300000,
      0,
      0,
    ],
    "type": "scale",
  },
  Object {
    "props": Object {
      "value": "#800080",
    },
    "transform": Array [
      24300000,
      0,
      0,
      24300000,
      0,
      0,
    ],
    "type": "fillStyle",
  },
  Object {
    "props": Object {
      "height": 1,
      "width": 1,
      "x": 0,
      "y": 0,
    },
    "transform": Array [
      24300000,
      0,
      0,
      24300000,
      0,
      0,
    ],
    "type": "fillRect",
  },
  Object {
    "props": Object {
      "value": "#000000",
    },
    "transform": Array [
      24300000,
      0,
      0,
      24300000,
      0,
      0,
    ],
    "type": "fillStyle",
  },
  Object {
    "props": Object {
      "value": "1px sans-serif",
    },
    "transform": Array [
      24300000,
      0,
      0,
      24300000,
      0,
      0,
    ],
    "type": "font",
  },
  Object {
    "props": Object {
      "maxWidth": null,
      "text": "S",
      "x": 0,
      "y": 1,
    },
    "transform": Array [
      24300000,
      0,
      0,
      24300000,
      0,
      0,
    ],
    "type": "fillText",
  },
  Object {
    "props": Object {
      "value": "#800080",
    },
    "transform": Array [
      24300000,
      0,
      0,
      24300000,
      0,
      0,
    ],
    "type": "fillStyle",
  },
  Object {
    "props": Object {
      "height": 1,
      "width": 1,
      "x": 1,
      "y": 0,
    },
    "transform": Array [
      24300000,
      0,
      0,
      24300000,
      0,
      0,
    ],
    "type": "fillRect",
  },
  Object {
    "props": Object {
      "value": "#000000",
    },
    "transform": Array [
      24300000,
      0,
      0,
      24300000,
      0,
      0,
    ],
    "type": "fillStyle",
  },
  Object {
    "props": Object {
      "value": "1px sans-serif",
    },
    "transform": Array [
      24300000,
      0,
      0,
      24300000,
      0,
      0,
    ],
    "type": "font",
  },
  Object {
    "props": Object {
      "maxWidth": null,
      "text": "S",
      "x": 1,
      "y": 1,
    },
    "transform": Array [
      24300000,
      0,
      0,
      24300000,
      0,
      0,
    ],
    "type": "fillText",
  },
  Object {
    "props": Object {
      "value": "#800080",
    },
    "transform": Array [
      24300000,
      0,
      0,
      24300000,
      0,
      0,
    ],
    "type": "fillStyle",
  },
  Object {
    "props": Object {
      "height": 1,
      "width": 1,
      "x": 0,
      "y": 1,
    },
    "transform": Array [
      24300000,
      0,
      0,
      24300000,
      0,
      0,
    ],
    "type": "fillRect",
  },
  Object {
    "props": Object {
      "value": "#000000",
    },
    "transform": Array [
      24300000,
      0,
      0,
      24300000,
      0,
      0,
    ],
    "type": "fillStyle",
  },
  Object {
    "props": Object {
      "value": "1px sans-serif",
    },
    "transform": Array [
      24300000,
      0,
      0,
      24300000,
      0,
      0,
    ],
    "type": "font",
  },
  Object {
    "props": Object {
      "maxWidth": null,
      "text": "S",
      "x": 0,
      "y": 2,
    },
    "transform": Array [
      24300000,
      0,
      0,
      24300000,
      0,
      0,
    ],
    "type": "fillText",
  },
  Object {
    "props": Object {
      "value": "#800080",
    },
    "transform": Array [
      24300000,
      0,
      0,
      24300000,
      0,
      0,
    ],
    "type": "fillStyle",
  },
  Object {
    "props": Object {
      "height": 1,
      "width": 1,
      "x": 1,
      "y": 1,
    },
    "transform": Array [
      24300000,
      0,
      0,
      24300000,
      0,
      0,
    ],
    "type": "fillRect",
  },
  Object {
    "props": Object {
      "value": "#000000",
    },
    "transform": Array [
      24300000,
      0,
      0,
      24300000,
      0,
      0,
    ],
    "type": "fillStyle",
  },
  Object {
    "props": Object {
      "value": "1px sans-serif",
    },
    "transform": Array [
      24300000,
      0,
      0,
      24300000,
      0,
      0,
    ],
    "type": "font",
  },
  Object {
    "props": Object {
      "maxWidth": null,
      "text": "S",
      "x": 1,
      "y": 2,
    },
    "transform": Array [
      24300000,
      0,
      0,
      24300000,
      0,
      0,
    ],
    "type": "fillText",
  },
  Object {
    "props": Object {
      "x": 30,
      "y": 30,
    },
    "transform": Array [
      729000000,
      0,
      0,
      729000000,
      0,
      0,
    ],
    "type": "scale",
  },
  Object {
    "props": Object {
      "value": "#ff0000",
    },
    "transform": Array [
      729000000,
      0,
      0,
      729000000,
      0,
      0,
    ],
    "type": "fillStyle",
  },
  Object {
    "props": Object {
      "height": 1,
      "width": 1,
      "x": 0,
      "y": 1,
    },
    "transform": Array [
      729000000,
      0,
      0,
      729000000,
      0,
      0,
    ],
    "type": "fillRect",
  },
  Object {
    "props": Object {
      "value": "#000000",
    },
    "transform": Array [
      729000000,
      0,
      0,
      729000000,
      0,
      0,
    ],
    "type": "fillStyle",
  },
  Object {
    "props": Object {
      "value": "1px sans-serif",
    },
    "transform": Array [
      729000000,
      0,
      0,
      729000000,
      0,
      0,
    ],
    "type": "font",
  },
  Object {
    "props": Object {
      "maxWidth": null,
      "text": "T",
      "x": 0,
      "y": 2,
    },
    "transform": Array [
      729000000,
      0,
      0,
      729000000,
      0,
      0,
    ],
    "type": "fillText",
  },
  Object {
    "props": Object {
      "value": "#ff0000",
    },
    "transform": Array [
      729000000,
      0,
      0,
      729000000,
      0,
      0,
    ],
    "type": "fillStyle",
  },
  Object {
    "props": Object {
      "height": 1,
      "width": 1,
      "x": 1,
      "y": 1,
    },
    "transform": Array [
      729000000,
      0,
      0,
      729000000,
      0,
      0,
    ],
    "type": "fillRect",
  },
  Object {
    "props": Object {
      "value": "#000000",
    },
    "transform": Array [
      729000000,
      0,
      0,
      729000000,
      0,
      0,
    ],
    "type": "fillStyle",
  },
  Object {
    "props": Object {
      "value": "1px sans-serif",
    },
    "transform": Array [
      729000000,
      0,
      0,
      729000000,
      0,
      0,
    ],
    "type": "font",
  },
  Object {
    "props": Object {
      "maxWidth": null,
      "text": "T",
      "x": 1,
      "y": 2,
    },
    "transform": Array [
      729000000,
      0,
      0,
      729000000,
      0,
      0,
    ],
    "type": "fillText",
  },
  Object {
    "props": Object {
      "value": "#ff0000",
    },
    "transform": Array [
      729000000,
      0,
      0,
      729000000,
      0,
      0,
    ],
    "type": "fillStyle",
  },
  Object {
    "props": Object {
      "height": 1,
      "width": 1,
      "x": 2,
      "y": 1,
    },
    "transform": Array [
      729000000,
      0,
      0,
      729000000,
      0,
      0,
    ],
    "type": "fillRect",
  },
  Object {
    "props": Object {
      "value": "#000000",
    },
    "transform": Array [
      729000000,
      0,
      0,
      729000000,
      0,
      0,
    ],
    "type": "fillStyle",
  },
  Object {
    "props": Object {
      "value": "1px sans-serif",
    },
    "transform": Array [
      729000000,
      0,
      0,
      729000000,
      0,
      0,
    ],
    "type": "font",
  },
  Object {
    "props": Object {
      "maxWidth": null,
      "text": "T",
      "x": 2,
      "y": 2,
    },
    "transform": Array [
      729000000,
      0,
      0,
      729000000,
      0,
      0,
    ],
    "type": "fillText",
  },
  Object {
    "props": Object {
      "value": "#ff0000",
    },
    "transform": Array [
      729000000,
      0,
      0,
      729000000,
      0,
      0,
    ],
    "type": "fillStyle",
  },
  Object {
    "props": Object {
      "height": 1,
      "width": 1,
      "x": 3,
      "y": 1,
    },
    "transform": Array [
      729000000,
      0,
      0,
      729000000,
      0,
      0,
    ],
    "type": "fillRect",
  },
  Object {
    "props": Object {
      "value": "#000000",
    },
    "transform": Array [
      729000000,
      0,
      0,
      729000000,
      0,
      0,
    ],
    "type": "fillStyle",
  },
  Object {
    "props": Object {
      "value": "1px sans-serif",
    },
    "transform": Array [
      729000000,
      0,
      0,
      729000000,
      0,
      0,
    ],
    "type": "font",
  },
  Object {
    "props": Object {
      "maxWidth": null,
      "text": "T",
      "x": 3,
      "y": 2,
    },
    "transform": Array [
      729000000,
      0,
      0,
      729000000,
      0,
      0,
    ],
    "type": "fillText",
  },
]
`;

exports[`Block draw X block should draw its own shape 1`] = `
Array [
  Object {
    "props": Object {
      "x": 30,
      "y": 30,
    },
    "transform": Array [
      30,
      0,
      0,
      30,
      0,
      0,
    ],
    "type": "scale",
  },
  Object {
    "props": Object {
      "value": "#00ffff",
    },
    "transform": Array [
      30,
      0,
      0,
      30,
      0,
      0,
    ],
    "type": "fillStyle",
  },
  Object {
    "props": Object {
      "height": 1,
      "width": 1,
      "x": 1,
      "y": 0,
    },
    "transform": Array [
      30,
      0,
      0,
      30,
      0,
      0,
    ],
    "type": "fillRect",
  },
  Object {
    "props": Object {
      "value": "#000000",
    },
    "transform": Array [
      30,
      0,
      0,
      30,
      0,
      0,
    ],
    "type": "fillStyle",
  },
  Object {
    "props": Object {
      "value": "1px sans-serif",
    },
    "transform": Array [
      30,
      0,
      0,
      30,
      0,
      0,
    ],
    "type": "font",
  },
  Object {
    "props": Object {
      "maxWidth": null,
      "text": "H",
      "x": 1,
      "y": 1,
    },
    "transform": Array [
      30,
      0,
      0,
      30,
      0,
      0,
    ],
    "type": "fillText",
  },
  Object {
    "props": Object {
      "value": "#00ffff",
    },
    "transform": Array [
      30,
      0,
      0,
      30,
      0,
      0,
    ],
    "type": "fillStyle",
  },
  Object {
    "props": Object {
      "height": 1,
      "width": 1,
      "x": 0,
      "y": 1,
    },
    "transform": Array [
      30,
      0,
      0,
      30,
      0,
      0,
    ],
    "type": "fillRect",
  },
  Object {
    "props": Object {
      "value": "#000000",
    },
    "transform": Array [
      30,
      0,
      0,
      30,
      0,
      0,
    ],
    "type": "fillStyle",
  },
  Object {
    "props": Object {
      "value": "1px sans-serif",
    },
    "transform": Array [
      30,
      0,
      0,
      30,
      0,
      0,
    ],
    "type": "font",
  },
  Object {
    "props": Object {
      "maxWidth": null,
      "text": "H",
      "x": 0,
      "y": 2,
    },
    "transform": Array [
      30,
      0,
      0,
      30,
      0,
      0,
    ],
    "type": "fillText",
  },
  Object {
    "props": Object {
      "value": "#00ffff",
    },
    "transform": Array [
      30,
      0,
      0,
      30,
      0,
      0,
    ],
    "type": "fillStyle",
  },
  Object {
    "props": Object {
      "height": 1,
      "width": 1,
      "x": 1,
      "y": 1,
    },
    "transform": Array [
      30,
      0,
      0,
      30,
      0,
      0,
    ],
    "type": "fillRect",
  },
  Object {
    "props": Object {
      "value": "#000000",
    },
    "transform": Array [
      30,
      0,
      0,
      30,
      0,
      0,
    ],
    "type": "fillStyle",
  },
  Object {
    "props": Object {
      "value": "1px sans-serif",
    },
    "transform": Array [
      30,
      0,
      0,
      30,
      0,
      0,
    ],
    "type": "font",
  },
  Object {
    "props": Object {
      "maxWidth": null,
      "text": "H",
      "x": 1,
      "y": 2,
    },
    "transform": Array [
      30,
      0,
      0,
      30,
      0,
      0,
    ],
    "type": "fillText",
  },
  Object {
    "props": Object {
      "value": "#00ffff",
    },
    "transform": Array [
      30,
      0,
      0,
      30,
      0,
      0,
    ],
    "type": "fillStyle",
  },
  Object {
    "props": Object {
      "height": 1,
      "width": 1,
      "x": 2,
      "y": 1,
    },
    "transform": Array [
      30,
      0,
      0,
      30,
      0,
      0,
    ],
    "type": "fillRect",
  },
  Object {
    "props": Object {
      "value": "#000000",
    },
    "transform": Array [
      30,
      0,
      0,
      30,
      0,
      0,
    ],
    "type": "fillStyle",
  },
  Object {
    "props": Object {
      "value": "1px sans-serif",
    },
    "transform": Array [
      30,
      0,
      0,
      30,
      0,
      0,
    ],
    "type": "font",
  },
  Object {
    "props": Object {
      "maxWidth": null,
      "text": "H",
      "x": 2,
      "y": 2,
    },
    "transform": Array [
      30,
      0,
      0,
      30,
      0,
      0,
    ],
    "type": "fillText",
  },
  Object {
    "props": Object {
      "x": 30,
      "y": 30,
    },
    "transform": Array [
      900,
      0,
      0,
      900,
      0,
      0,
    ],
    "type": "scale",
  },
  Object {
    "props": Object {
      "value": "#0000ff",
    },
    "transform": Array [
      900,
      0,
      0,
      900,
      0,
      0,
    ],
    "type": "fillStyle",
  },
  Object {
    "props": Object {
      "height": 1,
      "width": 1,
      "x": 0,
      "y": 0,
    },
    "transform": Array [
      900,
      0,
      0,
      900,
      0,
      0,
    ],
    "type": "fillRect",
  },
  Object {
    "props": Object {
      "value": "#000000",
    },
    "transform": Array [
      900,
      0,
      0,
      900,
      0,
      0,
    ],
    "type": "fillStyle",
  },
  Object {
    "props": Object {
      "value": "1px sans-serif",
    },
    "transform": Array [
      900,
      0,
      0,
      900,
      0,
      0,
    ],
    "type": "font",
  },
  Object {
    "props": Object {
      "maxWidth": null,
      "text": "X",
      "x": 0,
      "y": 1,
    },
    "transform": Array [
      900,
      0,
      0,
      900,
      0,
      0,
    ],
    "type": "fillText",
  },
  Object {
    "props": Object {
      "value": "#0000ff",
    },
    "transform": Array [
      900,
      0,
      0,
      900,
      0,
      0,
    ],
    "type": "fillStyle",
  },
  Object {
    "props": Object {
      "height": 1,
      "width": 1,
      "x": 0,
      "y": 1,
    },
    "transform": Array [
      900,
      0,
      0,
      900,
      0,
      0,
    ],
    "type": "fillRect",
  },
  Object {
    "props": Object {
      "value": "#000000",
    },
    "transform": Array [
      900,
      0,
      0,
      900,
      0,
      0,
    ],
    "type": "fillStyle",
  },
  Object {
    "props": Object {
      "value": "1px sans-serif",
    },
    "transform": Array [
      900,
      0,
      0,
      900,
      0,
      0,
    ],
    "type": "font",
  },
  Object {
    "props": Object {
      "maxWidth": null,
      "text": "X",
      "x": 0,
      "y": 2,
    },
    "transform": Array [
      900,
      0,
      0,
      900,
      0,
      0,
    ],
    "type": "fillText",
  },
  Object {
    "props": Object {
      "value": "#0000ff",
    },
    "transform": Array [
      900,
      0,
      0,
      900,
      0,
      0,
    ],
    "type": "fillStyle",
  },
  Object {
    "props": Object {
      "height": 1,
      "width": 1,
      "x": 1,
      "y": 1,
    },
    "transform": Array [
      900,
      0,
      0,
      900,
      0,
      0,
    ],
    "type": "fillRect",
  },
  Object {
    "props": Object {
      "value": "#000000",
    },
    "transform": Array [
      900,
      0,
      0,
      900,
      0,
      0,
    ],
    "type": "fillStyle",
  },
  Object {
    "props": Object {
      "value": "1px sans-serif",
    },
    "transform": Array [
      900,
      0,
      0,
      900,
      0,
      0,
    ],
    "type": "font",
  },
  Object {
    "props": Object {
      "maxWidth": null,
      "text": "X",
      "x": 1,
      "y": 2,
    },
    "transform": Array [
      900,
      0,
      0,
      900,
      0,
      0,
    ],
    "type": "fillText",
  },
  Object {
    "props": Object {
      "value": "#0000ff",
    },
    "transform": Array [
      900,
      0,
      0,
      900,
      0,
      0,
    ],
    "type": "fillStyle",
  },
  Object {
    "props": Object {
      "height": 1,
      "width": 1,
      "x": 2,
      "y": 1,
    },
    "transform": Array [
      900,
      0,
      0,
      900,
      0,
      0,
    ],
    "type": "fillRect",
  },
  Object {
    "props": Object {
      "value": "#000000",
    },
    "transform": Array [
      900,
      0,
      0,
      900,
      0,
      0,
    ],
    "type": "fillStyle",
  },
  Object {
    "props": Object {
      "value": "1px sans-serif",
    },
    "transform": Array [
      900,
      0,
      0,
      900,
      0,
      0,
    ],
    "type": "font",
  },
  Object {
    "props": Object {
      "maxWidth": null,
      "text": "X",
      "x": 2,
      "y": 2,
    },
    "transform": Array [
      900,
      0,
      0,
      900,
      0,
      0,
    ],
    "type": "fillText",
  },
]
`;

exports[`Block draw Y block should draw its own shape 1`] = `
Array [
  Object {
    "props": Object {
      "x": 30,
      "y": 30,
    },
    "transform": Array [
      30,
      0,
      0,
      30,
      0,
      0,
    ],
    "type": "scale",
  },
  Object {
    "props": Object {
      "value": "#00ffff",
    },
    "transform": Array [
      30,
      0,
      0,
      30,
      0,
      0,
    ],
    "type": "fillStyle",
  },
  Object {
    "props": Object {
      "height": 1,
      "width": 1,
      "x": 1,
      "y": 0,
    },
    "transform": Array [
      30,
      0,
      0,
      30,
      0,
      0,
    ],
    "type": "fillRect",
  },
  Object {
    "props": Object {
      "value": "#000000",
    },
    "transform": Array [
      30,
      0,
      0,
      30,
      0,
      0,
    ],
    "type": "fillStyle",
  },
  Object {
    "props": Object {
      "value": "1px sans-serif",
    },
    "transform": Array [
      30,
      0,
      0,
      30,
      0,
      0,
    ],
    "type": "font",
  },
  Object {
    "props": Object {
      "maxWidth": null,
      "text": "H",
      "x": 1,
      "y": 1,
    },
    "transform": Array [
      30,
      0,
      0,
      30,
      0,
      0,
    ],
    "type": "fillText",
  },
  Object {
    "props": Object {
      "value": "#00ffff",
    },
    "transform": Array [
      30,
      0,
      0,
      30,
      0,
      0,
    ],
    "type": "fillStyle",
  },
  Object {
    "props": Object {
      "height": 1,
      "width": 1,
      "x": 0,
      "y": 1,
    },
    "transform": Array [
      30,
      0,
      0,
      30,
      0,
      0,
    ],
    "type": "fillRect",
  },
  Object {
    "props": Object {
      "value": "#000000",
    },
    "transform": Array [
      30,
      0,
      0,
      30,
      0,
      0,
    ],
    "type": "fillStyle",
  },
  Object {
    "props": Object {
      "value": "1px sans-serif",
    },
    "transform": Array [
      30,
      0,
      0,
      30,
      0,
      0,
    ],
    "type": "font",
  },
  Object {
    "props": Object {
      "maxWidth": null,
      "text": "H",
      "x": 0,
      "y": 2,
    },
    "transform": Array [
      30,
      0,
      0,
      30,
      0,
      0,
    ],
    "type": "fillText",
  },
  Object {
    "props": Object {
      "value": "#00ffff",
    },
    "transform": Array [
      30,
      0,
      0,
      30,
      0,
      0,
    ],
    "type": "fillStyle",
  },
  Object {
    "props": Object {
      "height": 1,
      "width": 1,
      "x": 1,
      "y": 1,
    },
    "transform": Array [
      30,
      0,
      0,
      30,
      0,
      0,
    ],
    "type": "fillRect",
  },
  Object {
    "props": Object {
      "value": "#000000",
    },
    "transform": Array [
      30,
      0,
      0,
      30,
      0,
      0,
    ],
    "type": "fillStyle",
  },
  Object {
    "props": Object {
      "value": "1px sans-serif",
    },
    "transform": Array [
      30,
      0,
      0,
      30,
      0,
      0,
    ],
    "type": "font",
  },
  Object {
    "props": Object {
      "maxWidth": null,
      "text": "H",
      "x": 1,
      "y": 2,
    },
    "transform": Array [
      30,
      0,
      0,
      30,
      0,
      0,
    ],
    "type": "fillText",
  },
  Object {
    "props": Object {
      "value": "#00ffff",
    },
    "transform": Array [
      30,
      0,
      0,
      30,
      0,
      0,
    ],
    "type": "fillStyle",
  },
  Object {
    "props": Object {
      "height": 1,
      "width": 1,
      "x": 2,
      "y": 1,
    },
    "transform": Array [
      30,
      0,
      0,
      30,
      0,
      0,
    ],
    "type": "fillRect",
  },
  Object {
    "props": Object {
      "value": "#000000",
    },
    "transform": Array [
      30,
      0,
      0,
      30,
      0,
      0,
    ],
    "type": "fillStyle",
  },
  Object {
    "props": Object {
      "value": "1px sans-serif",
    },
    "transform": Array [
      30,
      0,
      0,
      30,
      0,
      0,
    ],
    "type": "font",
  },
  Object {
    "props": Object {
      "maxWidth": null,
      "text": "H",
      "x": 2,
      "y": 2,
    },
    "transform": Array [
      30,
      0,
      0,
      30,
      0,
      0,
    ],
    "type": "fillText",
  },
  Object {
    "props": Object {
      "x": 30,
      "y": 30,
    },
    "transform": Array [
      900,
      0,
      0,
      900,
      0,
      0,
    ],
    "type": "scale",
  },
  Object {
    "props": Object {
      "value": "#0000ff",
    },
    "transform": Array [
      900,
      0,
      0,
      900,
      0,
      0,
    ],
    "type": "fillStyle",
  },
  Object {
    "props": Object {
      "height": 1,
      "width": 1,
      "x": 0,
      "y": 0,
    },
    "transform": Array [
      900,
      0,
      0,
      900,
      0,
      0,
    ],
    "type": "fillRect",
  },
  Object {
    "props": Object {
      "value": "#000000",
    },
    "transform": Array [
      900,
      0,
      0,
      900,
      0,
      0,
    ],
    "type": "fillStyle",
  },
  Object {
    "props": Object {
      "value": "1px sans-serif",
    },
    "transform": Array [
      900,
      0,
      0,
      900,
      0,
      0,
    ],
    "type": "font",
  },
  Object {
    "props": Object {
      "maxWidth": null,
      "text": "X",
      "x": 0,
      "y": 1,
    },
    "transform": Array [
      900,
      0,
      0,
      900,
      0,
      0,
    ],
    "type": "fillText",
  },
  Object {
    "props": Object {
      "value": "#0000ff",
    },
    "transform": Array [
      900,
      0,
      0,
      900,
      0,
      0,
    ],
    "type": "fillStyle",
  },
  Object {
    "props": Object {
      "height": 1,
      "width": 1,
      "x": 0,
      "y": 1,
    },
    "transform": Array [
      900,
      0,
      0,
      900,
      0,
      0,
    ],
    "type": "fillRect",
  },
  Object {
    "props": Object {
      "value": "#000000",
    },
    "transform": Array [
      900,
      0,
      0,
      900,
      0,
      0,
    ],
    "type": "fillStyle",
  },
  Object {
    "props": Object {
      "value": "1px sans-serif",
    },
    "transform": Array [
      900,
      0,
      0,
      900,
      0,
      0,
    ],
    "type": "font",
  },
  Object {
    "props": Object {
      "maxWidth": null,
      "text": "X",
      "x": 0,
      "y": 2,
    },
    "transform": Array [
      900,
      0,
      0,
      900,
      0,
      0,
    ],
    "type": "fillText",
  },
  Object {
    "props": Object {
      "value": "#0000ff",
    },
    "transform": Array [
      900,
      0,
      0,
      900,
      0,
      0,
    ],
    "type": "fillStyle",
  },
  Object {
    "props": Object {
      "height": 1,
      "width": 1,
      "x": 1,
      "y": 1,
    },
    "transform": Array [
      900,
      0,
      0,
      900,
      0,
      0,
    ],
    "type": "fillRect",
  },
  Object {
    "props": Object {
      "value": "#000000",
    },
    "transform": Array [
      900,
      0,
      0,
      900,
      0,
      0,
    ],
    "type": "fillStyle",
  },
  Object {
    "props": Object {
      "value": "1px sans-serif",
    },
    "transform": Array [
      900,
      0,
      0,
      900,
      0,
      0,
    ],
    "type": "font",
  },
  Object {
    "props": Object {
      "maxWidth": null,
      "text": "X",
      "x": 1,
      "y": 2,
    },
    "transform": Array [
      900,
      0,
      0,
      900,
      0,
      0,
    ],
    "type": "fillText",
  },
  Object {
    "props": Object {
      "value": "#0000ff",
    },
    "transform": Array [
      900,
      0,
      0,
      900,
      0,
      0,
    ],
    "type": "fillStyle",
  },
  Object {
    "props": Object {
      "height": 1,
      "width": 1,
      "x": 2,
      "y": 1,
    },
    "transform": Array [
      900,
      0,
      0,
      900,
      0,
      0,
    ],
    "type": "fillRect",
  },
  Object {
    "props": Object {
      "value": "#000000",
    },
    "transform": Array [
      900,
      0,
      0,
      900,
      0,
      0,
    ],
    "type": "fillStyle",
  },
  Object {
    "props": Object {
      "value": "1px sans-serif",
    },
    "transform": Array [
      900,
      0,
      0,
      900,
      0,
      0,
    ],
    "type": "font",
  },
  Object {
    "props": Object {
      "maxWidth": null,
      "text": "X",
      "x": 2,
      "y": 2,
    },
    "transform": Array [
      900,
      0,
      0,
      900,
      0,
      0,
    ],
    "type": "fillText",
  },
  Object {
    "props": Object {
      "x": 30,
      "y": 30,
    },
    "transform": Array [
      27000,
      0,
      0,
      27000,
      0,
      0,
    ],
    "type": "scale",
  },
  Object {
    "props": Object {
      "value": "#ffa500",
    },
    "transform": Array [
      27000,
      0,
      0,
      27000,
      0,
      0,
    ],
    "type": "fillStyle",
  },
  Object {
    "props": Object {
      "height": 1,
      "width": 1,
      "x": 2,
      "y": 0,
    },
    "transform": Array [
      27000,
      0,
      0,
      27000,
      0,
      0,
    ],
    "type": "fillRect",
  },
  Object {
    "props": Object {
      "value": "#000000",
    },
    "transform": Array [
      27000,
      0,
      0,
      27000,
      0,
      0,
    ],
    "type": "fillStyle",
  },
  Object {
    "props": Object {
      "value": "1px sans-serif",
    },
    "transform": Array [
      27000,
      0,
      0,
      27000,
      0,
      0,
    ],
    "type": "font",
  },
  Object {
    "props": Object {
      "maxWidth": null,
      "text": "Y",
      "x": 2,
      "y": 1,
    },
    "transform": Array [
      27000,
      0,
      0,
      27000,
      0,
      0,
    ],
    "type": "fillText",
  },
  Object {
    "props": Object {
      "value": "#ffa500",
    },
    "transform": Array [
      27000,
      0,
      0,
      27000,
      0,
      0,
    ],
    "type": "fillStyle",
  },
  Object {
    "props": Object {
      "height": 1,
      "width": 1,
      "x": 0,
      "y": 1,
    },
    "transform": Array [
      27000,
      0,
      0,
      27000,
      0,
      0,
    ],
    "type": "fillRect",
  },
  Object {
    "props": Object {
      "value": "#000000",
    },
    "transform": Array [
      27000,
      0,
      0,
      27000,
      0,
      0,
    ],
    "type": "fillStyle",
  },
  Object {
    "props": Object {
      "value": "1px sans-serif",
    },
    "transform": Array [
      27000,
      0,
      0,
      27000,
      0,
      0,
    ],
    "type": "font",
  },
  Object {
    "props": Object {
      "maxWidth": null,
      "text": "Y",
      "x": 0,
      "y": 2,
    },
    "transform": Array [
      27000,
      0,
      0,
      27000,
      0,
      0,
    ],
    "type": "fillText",
  },
  Object {
    "props": Object {
      "value": "#ffa500",
    },
    "transform": Array [
      27000,
      0,
      0,
      27000,
      0,
      0,
    ],
    "type": "fillStyle",
  },
  Object {
    "props": Object {
      "height": 1,
      "width": 1,
      "x": 1,
      "y": 1,
    },
    "transform": Array [
      27000,
      0,
      0,
      27000,
      0,
      0,
    ],
    "type": "fillRect",
  },
  Object {
    "props": Object {
      "value": "#000000",
    },
    "transform": Array [
      27000,
      0,
      0,
      27000,
      0,
      0,
    ],
    "type": "fillStyle",
  },
  Object {
    "props": Object {
      "value": "1px sans-serif",
    },
    "transform": Array [
      27000,
      0,
      0,
      27000,
      0,
      0,
    ],
    "type": "font",
  },
  Object {
    "props": Object {
      "maxWidth": null,
      "text": "Y",
      "x": 1,
      "y": 2,
    },
    "transform": Array [
      27000,
      0,
      0,
      27000,
      0,
      0,
    ],
    "type": "fillText",
  },
  Object {
    "props": Object {
      "value": "#ffa500",
    },
    "transform": Array [
      27000,
      0,
      0,
      27000,
      0,
      0,
    ],
    "type": "fillStyle",
  },
  Object {
    "props": Object {
      "height": 1,
      "width": 1,
      "x": 2,
      "y": 1,
    },
    "transform": Array [
      27000,
      0,
      0,
      27000,
      0,
      0,
    ],
    "type": "fillRect",
  },
  Object {
    "props": Object {
      "value": "#000000",
    },
    "transform": Array [
      27000,
      0,
      0,
      27000,
      0,
      0,
    ],
    "type": "fillStyle",
  },
  Object {
    "props": Object {
      "value": "1px sans-serif",
    },
    "transform": Array [
      27000,
      0,
      0,
      27000,
      0,
      0,
    ],
    "type": "font",
  },
  Object {
    "props": Object {
      "maxWidth": null,
      "text": "Y",
      "x": 2,
      "y": 2,
    },
    "transform": Array [
      27000,
      0,
      0,
      27000,
      0,
      0,
    ],
    "type": "fillText",
  },
]
`;

exports[`Block draw Z block should draw its own shape 1`] = `
Array [
  Object {
    "props": Object {
      "x": 30,
      "y": 30,
    },
    "transform": Array [
      30,
      0,
      0,
      30,
      0,
      0,
    ],
    "type": "scale",
  },
  Object {
    "props": Object {
      "value": "#00ffff",
    },
    "transform": Array [
      30,
      0,
      0,
      30,
      0,
      0,
    ],
    "type": "fillStyle",
  },
  Object {
    "props": Object {
      "height": 1,
      "width": 1,
      "x": 1,
      "y": 0,
    },
    "transform": Array [
      30,
      0,
      0,
      30,
      0,
      0,
    ],
    "type": "fillRect",
  },
  Object {
    "props": Object {
      "value": "#000000",
    },
    "transform": Array [
      30,
      0,
      0,
      30,
      0,
      0,
    ],
    "type": "fillStyle",
  },
  Object {
    "props": Object {
      "value": "1px sans-serif",
    },
    "transform": Array [
      30,
      0,
      0,
      30,
      0,
      0,
    ],
    "type": "font",
  },
  Object {
    "props": Object {
      "maxWidth": null,
      "text": "H",
      "x": 1,
      "y": 1,
    },
    "transform": Array [
      30,
      0,
      0,
      30,
      0,
      0,
    ],
    "type": "fillText",
  },
  Object {
    "props": Object {
      "value": "#00ffff",
    },
    "transform": Array [
      30,
      0,
      0,
      30,
      0,
      0,
    ],
    "type": "fillStyle",
  },
  Object {
    "props": Object {
      "height": 1,
      "width": 1,
      "x": 0,
      "y": 1,
    },
    "transform": Array [
      30,
      0,
      0,
      30,
      0,
      0,
    ],
    "type": "fillRect",
  },
  Object {
    "props": Object {
      "value": "#000000",
    },
    "transform": Array [
      30,
      0,
      0,
      30,
      0,
      0,
    ],
    "type": "fillStyle",
  },
  Object {
    "props": Object {
      "value": "1px sans-serif",
    },
    "transform": Array [
      30,
      0,
      0,
      30,
      0,
      0,
    ],
    "type": "font",
  },
  Object {
    "props": Object {
      "maxWidth": null,
      "text": "H",
      "x": 0,
      "y": 2,
    },
    "transform": Array [
      30,
      0,
      0,
      30,
      0,
      0,
    ],
    "type": "fillText",
  },
  Object {
    "props": Object {
      "value": "#00ffff",
    },
    "transform": Array [
      30,
      0,
      0,
      30,
      0,
      0,
    ],
    "type": "fillStyle",
  },
  Object {
    "props": Object {
      "height": 1,
      "width": 1,
      "x": 1,
      "y": 1,
    },
    "transform": Array [
      30,
      0,
      0,
      30,
      0,
      0,
    ],
    "type": "fillRect",
  },
  Object {
    "props": Object {
      "value": "#000000",
    },
    "transform": Array [
      30,
      0,
      0,
      30,
      0,
      0,
    ],
    "type": "fillStyle",
  },
  Object {
    "props": Object {
      "value": "1px sans-serif",
    },
    "transform": Array [
      30,
      0,
      0,
      30,
      0,
      0,
    ],
    "type": "font",
  },
  Object {
    "props": Object {
      "maxWidth": null,
      "text": "H",
      "x": 1,
      "y": 2,
    },
    "transform": Array [
      30,
      0,
      0,
      30,
      0,
      0,
    ],
    "type": "fillText",
  },
  Object {
    "props": Object {
      "value": "#00ffff",
    },
    "transform": Array [
      30,
      0,
      0,
      30,
      0,
      0,
    ],
    "type": "fillStyle",
  },
  Object {
    "props": Object {
      "height": 1,
      "width": 1,
      "x": 2,
      "y": 1,
    },
    "transform": Array [
      30,
      0,
      0,
      30,
      0,
      0,
    ],
    "type": "fillRect",
  },
  Object {
    "props": Object {
      "value": "#000000",
    },
    "transform": Array [
      30,
      0,
      0,
      30,
      0,
      0,
    ],
    "type": "fillStyle",
  },
  Object {
    "props": Object {
      "value": "1px sans-serif",
    },
    "transform": Array [
      30,
      0,
      0,
      30,
      0,
      0,
    ],
    "type": "font",
  },
  Object {
    "props": Object {
      "maxWidth": null,
      "text": "H",
      "x": 2,
      "y": 2,
    },
    "transform": Array [
      30,
      0,
      0,
      30,
      0,
      0,
    ],
    "type": "fillText",
  },
  Object {
    "props": Object {
      "x": 30,
      "y": 30,
    },
    "transform": Array [
      900,
      0,
      0,
      900,
      0,
      0,
    ],
    "type": "scale",
  },
  Object {
    "props": Object {
      "value": "#0000ff",
    },
    "transform": Array [
      900,
      0,
      0,
      900,
      0,
      0,
    ],
    "type": "fillStyle",
  },
  Object {
    "props": Object {
      "height": 1,
      "width": 1,
      "x": 0,
      "y": 0,
    },
    "transform": Array [
      900,
      0,
      0,
      900,
      0,
      0,
    ],
    "type": "fillRect",
  },
  Object {
    "props": Object {
      "value": "#000000",
    },
    "transform": Array [
      900,
      0,
      0,
      900,
      0,
      0,
    ],
    "type": "fillStyle",
  },
  Object {
    "props": Object {
      "value": "1px sans-serif",
    },
    "transform": Array [
      900,
      0,
      0,
      900,
      0,
      0,
    ],
    "type": "font",
  },
  Object {
    "props": Object {
      "maxWidth": null,
      "text": "X",
      "x": 0,
      "y": 1,
    },
    "transform": Array [
      900,
      0,
      0,
      900,
      0,
      0,
    ],
    "type": "fillText",
  },
  Object {
    "props": Object {
      "value": "#0000ff",
    },
    "transform": Array [
      900,
      0,
      0,
      900,
      0,
      0,
    ],
    "type": "fillStyle",
  },
  Object {
    "props": Object {
      "height": 1,
      "width": 1,
      "x": 0,
      "y": 1,
    },
    "transform": Array [
      900,
      0,
      0,
      900,
      0,
      0,
    ],
    "type": "fillRect",
  },
  Object {
    "props": Object {
      "value": "#000000",
    },
    "transform": Array [
      900,
      0,
      0,
      900,
      0,
      0,
    ],
    "type": "fillStyle",
  },
  Object {
    "props": Object {
      "value": "1px sans-serif",
    },
    "transform": Array [
      900,
      0,
      0,
      900,
      0,
      0,
    ],
    "type": "font",
  },
  Object {
    "props": Object {
      "maxWidth": null,
      "text": "X",
      "x": 0,
      "y": 2,
    },
    "transform": Array [
      900,
      0,
      0,
      900,
      0,
      0,
    ],
    "type": "fillText",
  },
  Object {
    "props": Object {
      "value": "#0000ff",
    },
    "transform": Array [
      900,
      0,
      0,
      900,
      0,
      0,
    ],
    "type": "fillStyle",
  },
  Object {
    "props": Object {
      "height": 1,
      "width": 1,
      "x": 1,
      "y": 1,
    },
    "transform": Array [
      900,
      0,
      0,
      900,
      0,
      0,
    ],
    "type": "fillRect",
  },
  Object {
    "props": Object {
      "value": "#000000",
    },
    "transform": Array [
      900,
      0,
      0,
      900,
      0,
      0,
    ],
    "type": "fillStyle",
  },
  Object {
    "props": Object {
      "value": "1px sans-serif",
    },
    "transform": Array [
      900,
      0,
      0,
      900,
      0,
      0,
    ],
    "type": "font",
  },
  Object {
    "props": Object {
      "maxWidth": null,
      "text": "X",
      "x": 1,
      "y": 2,
    },
    "transform": Array [
      900,
      0,
      0,
      900,
      0,
      0,
    ],
    "type": "fillText",
  },
  Object {
    "props": Object {
      "value": "#0000ff",
    },
    "transform": Array [
      900,
      0,
      0,
      900,
      0,
      0,
    ],
    "type": "fillStyle",
  },
  Object {
    "props": Object {
      "height": 1,
      "width": 1,
      "x": 2,
      "y": 1,
    },
    "transform": Array [
      900,
      0,
      0,
      900,
      0,
      0,
    ],
    "type": "fillRect",
  },
  Object {
    "props": Object {
      "value": "#000000",
    },
    "transform": Array [
      900,
      0,
      0,
      900,
      0,
      0,
    ],
    "type": "fillStyle",
  },
  Object {
    "props": Object {
      "value": "1px sans-serif",
    },
    "transform": Array [
      900,
      0,
      0,
      900,
      0,
      0,
    ],
    "type": "font",
  },
  Object {
    "props": Object {
      "maxWidth": null,
      "text": "X",
      "x": 2,
      "y": 2,
    },
    "transform": Array [
      900,
      0,
      0,
      900,
      0,
      0,
    ],
    "type": "fillText",
  },
  Object {
    "props": Object {
      "x": 30,
      "y": 30,
    },
    "transform": Array [
      27000,
      0,
      0,
      27000,
      0,
      0,
    ],
    "type": "scale",
  },
  Object {
    "props": Object {
      "value": "#ffa500",
    },
    "transform": Array [
      27000,
      0,
      0,
      27000,
      0,
      0,
    ],
    "type": "fillStyle",
  },
  Object {
    "props": Object {
      "height": 1,
      "width": 1,
      "x": 2,
      "y": 0,
    },
    "transform": Array [
      27000,
      0,
      0,
      27000,
      0,
      0,
    ],
    "type": "fillRect",
  },
  Object {
    "props": Object {
      "value": "#000000",
    },
    "transform": Array [
      27000,
      0,
      0,
      27000,
      0,
      0,
    ],
    "type": "fillStyle",
  },
  Object {
    "props": Object {
      "value": "1px sans-serif",
    },
    "transform": Array [
      27000,
      0,
      0,
      27000,
      0,
      0,
    ],
    "type": "font",
  },
  Object {
    "props": Object {
      "maxWidth": null,
      "text": "Y",
      "x": 2,
      "y": 1,
    },
    "transform": Array [
      27000,
      0,
      0,
      27000,
      0,
      0,
    ],
    "type": "fillText",
  },
  Object {
    "props": Object {
      "value": "#ffa500",
    },
    "transform": Array [
      27000,
      0,
      0,
      27000,
      0,
      0,
    ],
    "type": "fillStyle",
  },
  Object {
    "props": Object {
      "height": 1,
      "width": 1,
      "x": 0,
      "y": 1,
    },
    "transform": Array [
      27000,
      0,
      0,
      27000,
      0,
      0,
    ],
    "type": "fillRect",
  },
  Object {
    "props": Object {
      "value": "#000000",
    },
    "transform": Array [
      27000,
      0,
      0,
      27000,
      0,
      0,
    ],
    "type": "fillStyle",
  },
  Object {
    "props": Object {
      "value": "1px sans-serif",
    },
    "transform": Array [
      27000,
      0,
      0,
      27000,
      0,
      0,
    ],
    "type": "font",
  },
  Object {
    "props": Object {
      "maxWidth": null,
      "text": "Y",
      "x": 0,
      "y": 2,
    },
    "transform": Array [
      27000,
      0,
      0,
      27000,
      0,
      0,
    ],
    "type": "fillText",
  },
  Object {
    "props": Object {
      "value": "#ffa500",
    },
    "transform": Array [
      27000,
      0,
      0,
      27000,
      0,
      0,
    ],
    "type": "fillStyle",
  },
  Object {
    "props": Object {
      "height": 1,
      "width": 1,
      "x": 1,
      "y": 1,
    },
    "transform": Array [
      27000,
      0,
      0,
      27000,
      0,
      0,
    ],
    "type": "fillRect",
  },
  Object {
    "props": Object {
      "value": "#000000",
    },
    "transform": Array [
      27000,
      0,
      0,
      27000,
      0,
      0,
    ],
    "type": "fillStyle",
  },
  Object {
    "props": Object {
      "value": "1px sans-serif",
    },
    "transform": Array [
      27000,
      0,
      0,
      27000,
      0,
      0,
    ],
    "type": "font",
  },
  Object {
    "props": Object {
      "maxWidth": null,
      "text": "Y",
      "x": 1,
      "y": 2,
    },
    "transform": Array [
      27000,
      0,
      0,
      27000,
      0,
      0,
    ],
    "type": "fillText",
  },
  Object {
    "props": Object {
      "value": "#ffa500",
    },
    "transform": Array [
      27000,
      0,
      0,
      27000,
      0,
      0,
    ],
    "type": "fillStyle",
  },
  Object {
    "props": Object {
      "height": 1,
      "width": 1,
      "x": 2,
      "y": 1,
    },
    "transform": Array [
      27000,
      0,
      0,
      27000,
      0,
      0,
    ],
    "type": "fillRect",
  },
  Object {
    "props": Object {
      "value": "#000000",
    },
    "transform": Array [
      27000,
      0,
      0,
      27000,
      0,
      0,
    ],
    "type": "fillStyle",
  },
  Object {
    "props": Object {
      "value": "1px sans-serif",
    },
    "transform": Array [
      27000,
      0,
      0,
      27000,
      0,
      0,
    ],
    "type": "font",
  },
  Object {
    "props": Object {
      "maxWidth": null,
      "text": "Y",
      "x": 2,
      "y": 2,
    },
    "transform": Array [
      27000,
      0,
      0,
      27000,
      0,
      0,
    ],
    "type": "fillText",
  },
  Object {
    "props": Object {
      "x": 30,
      "y": 30,
    },
    "transform": Array [
      810000,
      0,
      0,
      810000,
      0,
      0,
    ],
    "type": "scale",
  },
  Object {
    "props": Object {
      "value": "#008000",
    },
    "transform": Array [
      810000,
      0,
      0,
      810000,
      0,
      0,
    ],
    "type": "fillStyle",
  },
  Object {
    "props": Object {
      "height": 1,
      "width": 1,
      "x": 1,
      "y": 0,
    },
    "transform": Array [
      810000,
      0,
      0,
      810000,
      0,
      0,
    ],
    "type": "fillRect",
  },
  Object {
    "props": Object {
      "value": "#000000",
    },
    "transform": Array [
      810000,
      0,
      0,
      810000,
      0,
      0,
    ],
    "type": "fillStyle",
  },
  Object {
    "props": Object {
      "value": "1px sans-serif",
    },
    "transform": Array [
      810000,
      0,
      0,
      810000,
      0,
      0,
    ],
    "type": "font",
  },
  Object {
    "props": Object {
      "maxWidth": null,
      "text": "Z",
      "x": 1,
      "y": 1,
    },
    "transform": Array [
      810000,
      0,
      0,
      810000,
      0,
      0,
    ],
    "type": "fillText",
  },
  Object {
    "props": Object {
      "value": "#008000",
    },
    "transform": Array [
      810000,
      0,
      0,
      810000,
      0,
      0,
    ],
    "type": "fillStyle",
  },
  Object {
    "props": Object {
      "height": 1,
      "width": 1,
      "x": 2,
      "y": 0,
    },
    "transform": Array [
      810000,
      0,
      0,
      810000,
      0,
      0,
    ],
    "type": "fillRect",
  },
  Object {
    "props": Object {
      "value": "#000000",
    },
    "transform": Array [
      810000,
      0,
      0,
      810000,
      0,
      0,
    ],
    "type": "fillStyle",
  },
  Object {
    "props": Object {
      "value": "1px sans-serif",
    },
    "transform": Array [
      810000,
      0,
      0,
      810000,
      0,
      0,
    ],
    "type": "font",
  },
  Object {
    "props": Object {
      "maxWidth": null,
      "text": "Z",
      "x": 2,
      "y": 1,
    },
    "transform": Array [
      810000,
      0,
      0,
      810000,
      0,
      0,
    ],
    "type": "fillText",
  },
  Object {
    "props": Object {
      "value": "#008000",
    },
    "transform": Array [
      810000,
      0,
      0,
      810000,
      0,
      0,
    ],
    "type": "fillStyle",
  },
  Object {
    "props": Object {
      "height": 1,
      "width": 1,
      "x": 0,
      "y": 1,
    },
    "transform": Array [
      810000,
      0,
      0,
      810000,
      0,
      0,
    ],
    "type": "fillRect",
  },
  Object {
    "props": Object {
      "value": "#000000",
    },
    "transform": Array [
      810000,
      0,
      0,
      810000,
      0,
      0,
    ],
    "type": "fillStyle",
  },
  Object {
    "props": Object {
      "value": "1px sans-serif",
    },
    "transform": Array [
      810000,
      0,
      0,
      810000,
      0,
      0,
    ],
    "type": "font",
  },
  Object {
    "props": Object {
      "maxWidth": null,
      "text": "Z",
      "x": 0,
      "y": 2,
    },
    "transform": Array [
      810000,
      0,
      0,
      810000,
      0,
      0,
    ],
    "type": "fillText",
  },
  Object {
    "props": Object {
      "value": "#008000",
    },
    "transform": Array [
      810000,
      0,
      0,
      810000,
      0,
      0,
    ],
    "type": "fillStyle",
  },
  Object {
    "props": Object {
      "height": 1,
      "width": 1,
      "x": 1,
      "y": 1,
    },
    "transform": Array [
      810000,
      0,
      0,
      810000,
      0,
      0,
    ],
    "type": "fillRect",
  },
  Object {
    "props": Object {
      "value": "#000000",
    },
    "transform": Array [
      810000,
      0,
      0,
      810000,
      0,
      0,
    ],
    "type": "fillStyle",
  },
  Object {
    "props": Object {
      "value": "1px sans-serif",
    },
    "transform": Array [
      810000,
      0,
      0,
      810000,
      0,
      0,
    ],
    "type": "font",
  },
  Object {
    "props": Object {
      "maxWidth": null,
      "text": "Z",
      "x": 1,
      "y": 2,
    },
    "transform": Array [
      810000,
      0,
      0,
      810000,
      0,
      0,
    ],
    "type": "fillText",
  },
]
`;
